2026-01-02 20:24:48 [INFO] polymer_pipeline - Loading data: examples/304-403_extracted_data_text_mining_GPT.csv and examples/304-403_CSV_chemical_structures.csv
2026-01-02 20:24:48 [INFO] polymer_pipeline - Loaded examples/304-403_extracted_data_text_mining_GPT.csv with columns=['polymer_name', 'backbone', 'side_chain', 'side_chain_type', 'side_chain_length', 'side_chain_design_intent', 'device_type', 'transport_regime', 'film_thickness', 'channel_length', 'molecular_weight_mn', 'molecular_weight_mw', 'dispersity', 'mobility_h', 'mobility_e', 'capacitance', 'uc_star', 'pce', 'jsc', 'voc', 'ff', 'crystallinity', 'pi_pi_spacing', 'lamellar_spacing', 'experiment_condition', 'processing_method', 'processing_solvent', 'synthesis_solvent', 'electrolyte', 'measurement_method', 'notes', '_source_file', '_source_path', '_config_name'] shape=(615, 34)
2026-01-02 20:24:48 [INFO] polymer_pipeline - Loaded examples/304-403_CSV_chemical_structures.csv with columns=['paper_name', 'image_path', 'polymer_name', 'segment_index', 'raw_smiles', 'cleaned_smiles', 'canonical_smiles', 'status'] shape=(1320, 8)
2026-01-02 20:24:48 [INFO] polymer_pipeline - Polymer columns: ['polymer_name', 'backbone', 'side_chain', 'side_chain_type', 'side_chain_length', 'side_chain_design_intent', 'device_type', 'transport_regime', 'film_thickness', 'channel_length', 'molecular_weight_mn', 'molecular_weight_mw', 'dispersity', 'mobility_h', 'mobility_e', 'capacitance', 'uc_star', 'pce', 'jsc', 'voc', 'ff', 'crystallinity', 'pi_pi_spacing', 'lamellar_spacing', 'experiment_condition', 'processing_method', 'processing_solvent', 'synthesis_solvent', 'electrolyte', 'measurement_method', 'notes', '_source_file', '_source_path', '_config_name']
2026-01-02 20:24:48 [INFO] polymer_pipeline - Image columns: ['paper_name', 'image_path', 'polymer_name', 'segment_index', 'raw_smiles', 'cleaned_smiles', 'canonical_smiles', 'status']
2026-01-02 20:24:48 [WARNING] polymer_pipeline - Missing expected column in polymer table: paper_id
2026-01-02 20:24:48 [WARNING] polymer_pipeline - Missing expected column in image table: paper_id
2026-01-02 20:24:48 [WARNING] polymer_pipeline - Missing expected column in image table: candidate_smiles
2026-01-02 20:24:48 [INFO] polymer_pipeline - Layer 0 input columns (polymer): ['polymer_name', 'backbone', 'side_chain', 'side_chain_type', 'side_chain_length', 'side_chain_design_intent', 'device_type', 'transport_regime', 'film_thickness', 'channel_length', 'molecular_weight_mn', 'molecular_weight_mw', 'dispersity', 'mobility_h', 'mobility_e', 'capacitance', 'uc_star', 'pce', 'jsc', 'voc', 'ff', 'crystallinity', 'pi_pi_spacing', 'lamellar_spacing', 'experiment_condition', 'processing_method', 'processing_solvent', 'synthesis_solvent', 'electrolyte', 'measurement_method', 'notes', '_source_file', '_source_path', '_config_name', 'backbone_name_text', 'sidechain_name_text', 'paper_id', 'confidence_text']
2026-01-02 20:24:48 [INFO] polymer_pipeline - Layer 0 input columns (image): ['paper_name', 'image_path', 'polymer_name', 'segment_index', 'raw_smiles', 'cleaned_smiles', 'canonical_smiles', 'status', 'paper_id', 'candidate_smiles']
2026-01-02 20:24:48 [INFO] polymer_pipeline - Layer 0 normalized columns (polymer): ['polymer_name', 'backbone', 'side_chain', 'side_chain_type', 'side_chain_length', 'side_chain_design_intent', 'device_type', 'transport_regime', 'film_thickness', 'channel_length', 'molecular_weight_mn', 'molecular_weight_mw', 'dispersity', 'mobility_h', 'mobility_e', 'capacitance', 'uc_star', 'pce', 'jsc', 'voc', 'ff', 'crystallinity', 'pi_pi_spacing', 'lamellar_spacing', 'experiment_condition', 'processing_method', 'processing_solvent', 'synthesis_solvent', 'electrolyte', 'measurement_method', 'notes', '_source_file', '_source_path', '_config_name', 'backbone_name_text', 'sidechain_name_text', 'paper_id', 'confidence_text', 'paper_name']
2026-01-02 20:24:48 [INFO] polymer_pipeline - Layer 0 normalized columns (image): ['paper_name', 'image_path', 'polymer_name', 'segment_index', 'raw_smiles', 'cleaned_smiles', 'canonical_smiles', 'status', 'paper_id', 'candidate_smiles', 'image_id', 'fragment_id', 'parse_status']
2026-01-02 20:24:48 [INFO] polymer_pipeline - Schema report written to logs/schema_report.json
2026-01-02 20:24:48 [INFO] polymer_pipeline - Layer 0: normalized schemas (missing polymer cols=['paper_name'], missing image cols=[])
2026-01-02 20:24:48 [INFO] polymer_pipeline - Layer 0: unique paper_ids (polymer=100, image=85)
2026-01-02 20:24:48 [INFO] polymer_pipeline - Layer 0 backbone preview: ['thienyl-substituted benzodithiophene (bdt) donor and thiophene acceptor (non-carbonyl)', 'thienyl-substituted benzodithiophene (bdt) donor and alkylcarbonyl-substituted thiophene (toc) acceptor', 'thienyl-substituted benzodithiophene (bdt) donor and alkylcarbonyl-substituted thiophene (toc) acceptor', 'diketopyrrolopyrrole (dpp) with thiophene comonomer', 'diketopyrrolopyrrole (dpp) with thiophene comonomer']
2026-01-02 20:24:48 [INFO] polymer_pipeline - Layer 0 sidechain preview: ['n-c8h17alkyl', 'n-c8h17alkylcarbonyl', 'ch3alkylcarbonyl', 'phosphonatechain-endsolubilizinggroupsbis2-c2c64-bromoc4phosphonate', 'phosphonatechain-endsolubilizinggroupsbis2-c2c64-bromoc4phosphonate']
2026-01-02 20:24:48 [INFO] polymer_pipeline - OPSIN bridge disabled — install jpype1>=1.5.0 to enable JVM parsing (No module named 'jpype')
2026-01-02 20:24:48 [WARNING] polymer_pipeline - [OPSIN] Java backend unavailable — skipping OPSIN parsing.
2026-01-02 20:24:48 [WARNING] polymer_pipeline - [OPSIN] Java backend unavailable — skipping OPSIN parsing.
2026-01-02 20:24:48 [WARNING] polymer_pipeline - [OPSIN] Java backend unavailable — skipping OPSIN parsing.
2026-01-02 20:24:48 [WARNING] polymer_pipeline - [OPSIN] Java backend unavailable — skipping OPSIN parsing.
2026-01-02 20:24:48 [WARNING] polymer_pipeline - [OPSIN] Java backend unavailable — skipping OPSIN parsing.
2026-01-02 20:24:48 [WARNING] polymer_pipeline - [OPSIN] Java backend unavailable — skipping OPSIN parsing.
2026-01-02 20:24:48 [WARNING] polymer_pipeline - [OPSIN] Java backend unavailable — skipping OPSIN parsing.
2026-01-02 20:24:48 [WARNING] polymer_pipeline - [OPSIN] Java backend unavailable — skipping OPSIN parsing.
2026-01-02 20:24:48 [WARNING] polymer_pipeline - [OPSIN] Java backend unavailable — skipping OPSIN parsing.
2026-01-02 20:24:48 [WARNING] polymer_pipeline - [OPSIN] Java backend unavailable — skipping OPSIN parsing.
2026-01-02 20:24:48 [WARNING] polymer_pipeline - [OPSIN] Java backend unavailable — skipping OPSIN parsing.
2026-01-02 20:24:48 [WARNING] polymer_pipeline - [OPSIN] Java backend unavailable — skipping OPSIN parsing.
2026-01-02 20:24:48 [WARNING] polymer_pipeline - [OPSIN] Java backend unavailable — skipping OPSIN parsing.
2026-01-02 20:24:48 [WARNING] polymer_pipeline - [OPSIN] Java backend unavailable — skipping OPSIN parsing.
2026-01-02 20:24:48 [WARNING] polymer_pipeline - [OPSIN] Java backend unavailable — skipping OPSIN parsing.
2026-01-02 20:24:48 [WARNING] polymer_pipeline - [OPSIN] Java backend unavailable — skipping OPSIN parsing.
2026-01-02 20:24:48 [WARNING] polymer_pipeline - [OPSIN] Java backend unavailable — skipping OPSIN parsing.
2026-01-02 20:24:48 [WARNING] polymer_pipeline - [OPSIN] Java backend unavailable — skipping OPSIN parsing.
2026-01-02 20:24:48 [WARNING] polymer_pipeline - [OPSIN] Java backend unavailable — skipping OPSIN parsing.
2026-01-02 20:24:48 [WARNING] polymer_pipeline - [OPSIN] Java backend unavailable — skipping OPSIN parsing.
2026-01-02 20:24:48 [WARNING] polymer_pipeline - [OPSIN] Java backend unavailable — skipping OPSIN parsing.
2026-01-02 20:24:48 [WARNING] polymer_pipeline - [OPSIN] Java backend unavailable — skipping OPSIN parsing.
2026-01-02 20:24:48 [WARNING] polymer_pipeline - [OPSIN] Java backend unavailable — skipping OPSIN parsing.
2026-01-02 20:24:48 [WARNING] polymer_pipeline - [OPSIN] Java backend unavailable — skipping OPSIN parsing.
2026-01-02 20:24:48 [WARNING] polymer_pipeline - [OPSIN] Java backend unavailable — skipping OPSIN parsing.
2026-01-02 20:24:48 [WARNING] polymer_pipeline - [OPSIN] Java backend unavailable — skipping OPSIN parsing.
2026-01-02 20:24:48 [WARNING] polymer_pipeline - [OPSIN] Java backend unavailable — skipping OPSIN parsing.
2026-01-02 20:24:48 [WARNING] polymer_pipeline - [OPSIN] Java backend unavailable — skipping OPSIN parsing.
2026-01-02 20:24:48 [WARNING] polymer_pipeline - [OPSIN] Java backend unavailable — skipping OPSIN parsing.
2026-01-02 20:24:48 [WARNING] polymer_pipeline - [OPSIN] Java backend unavailable — skipping OPSIN parsing.
2026-01-02 20:24:48 [WARNING] polymer_pipeline - [OPSIN] Java backend unavailable — skipping OPSIN parsing.
2026-01-02 20:24:48 [WARNING] polymer_pipeline - [OPSIN] Java backend unavailable — skipping OPSIN parsing.
2026-01-02 20:24:48 [WARNING] polymer_pipeline - [OPSIN] Java backend unavailable — skipping OPSIN parsing.
2026-01-02 20:24:48 [WARNING] polymer_pipeline - [OPSIN] Java backend unavailable — skipping OPSIN parsing.
2026-01-02 20:24:48 [WARNING] polymer_pipeline - [OPSIN] Java backend unavailable — skipping OPSIN parsing.
2026-01-02 20:24:48 [WARNING] polymer_pipeline - [OPSIN] Java backend unavailable — skipping OPSIN parsing.
2026-01-02 20:24:48 [WARNING] polymer_pipeline - [OPSIN] Java backend unavailable — skipping OPSIN parsing.
2026-01-02 20:24:48 [WARNING] polymer_pipeline - [OPSIN] Java backend unavailable — skipping OPSIN parsing.
2026-01-02 20:24:48 [WARNING] polymer_pipeline - [OPSIN] Java backend unavailable — skipping OPSIN parsing.
2026-01-02 20:24:48 [WARNING] polymer_pipeline - [OPSIN] Java backend unavailable — skipping OPSIN parsing.
2026-01-02 20:24:48 [WARNING] polymer_pipeline - [OPSIN] Java backend unavailable — skipping OPSIN parsing.
2026-01-02 20:24:48 [WARNING] polymer_pipeline - [OPSIN] Java backend unavailable — skipping OPSIN parsing.
2026-01-02 20:24:48 [WARNING] polymer_pipeline - [OPSIN] Java backend unavailable — skipping OPSIN parsing.
2026-01-02 20:24:48 [WARNING] polymer_pipeline - [OPSIN] Java backend unavailable — skipping OPSIN parsing.
2026-01-02 20:24:48 [WARNING] polymer_pipeline - [OPSIN] Java backend unavailable — skipping OPSIN parsing.
2026-01-02 20:24:48 [WARNING] polymer_pipeline - [OPSIN] Java backend unavailable — skipping OPSIN parsing.
2026-01-02 20:24:48 [WARNING] polymer_pipeline - [OPSIN] Java backend unavailable — skipping OPSIN parsing.
2026-01-02 20:24:48 [WARNING] polymer_pipeline - [OPSIN] Java backend unavailable — skipping OPSIN parsing.
2026-01-02 20:24:48 [WARNING] polymer_pipeline - [OPSIN] Java backend unavailable — skipping OPSIN parsing.
2026-01-02 20:24:48 [WARNING] polymer_pipeline - [OPSIN] Java backend unavailable — skipping OPSIN parsing.
2026-01-02 20:24:48 [WARNING] polymer_pipeline - [OPSIN] Java backend unavailable — skipping OPSIN parsing.
2026-01-02 20:24:48 [WARNING] polymer_pipeline - [OPSIN] Java backend unavailable — skipping OPSIN parsing.
2026-01-02 20:24:48 [WARNING] polymer_pipeline - [OPSIN] Java backend unavailable — skipping OPSIN parsing.
2026-01-02 20:24:48 [WARNING] polymer_pipeline - [OPSIN] Java backend unavailable — skipping OPSIN parsing.
2026-01-02 20:24:48 [WARNING] polymer_pipeline - [OPSIN] Java backend unavailable — skipping OPSIN parsing.
2026-01-02 20:24:48 [WARNING] polymer_pipeline - [OPSIN] Java backend unavailable — skipping OPSIN parsing.
2026-01-02 20:24:48 [WARNING] polymer_pipeline - [OPSIN] Java backend unavailable — skipping OPSIN parsing.
2026-01-02 20:24:48 [WARNING] polymer_pipeline - [OPSIN] Java backend unavailable — skipping OPSIN parsing.
2026-01-02 20:24:48 [WARNING] polymer_pipeline - [OPSIN] Java backend unavailable — skipping OPSIN parsing.
2026-01-02 20:24:48 [WARNING] polymer_pipeline - [OPSIN] Java backend unavailable — skipping OPSIN parsing.
2026-01-02 20:24:48 [WARNING] polymer_pipeline - [OPSIN] Java backend unavailable — skipping OPSIN parsing.
2026-01-02 20:24:48 [WARNING] polymer_pipeline - [OPSIN] Java backend unavailable — skipping OPSIN parsing.
2026-01-02 20:24:48 [WARNING] polymer_pipeline - [OPSIN] Java backend unavailable — skipping OPSIN parsing.
2026-01-02 20:24:48 [WARNING] polymer_pipeline - [OPSIN] Java backend unavailable — skipping OPSIN parsing.
2026-01-02 20:24:48 [WARNING] polymer_pipeline - [OPSIN] Java backend unavailable — skipping OPSIN parsing.
2026-01-02 20:24:48 [WARNING] polymer_pipeline - [OPSIN] Java backend unavailable — skipping OPSIN parsing.
2026-01-02 20:24:48 [WARNING] polymer_pipeline - [OPSIN] Java backend unavailable — skipping OPSIN parsing.
2026-01-02 20:24:48 [WARNING] polymer_pipeline - [OPSIN] Java backend unavailable — skipping OPSIN parsing.
2026-01-02 20:24:48 [WARNING] polymer_pipeline - [OPSIN] Java backend unavailable — skipping OPSIN parsing.
2026-01-02 20:24:48 [WARNING] polymer_pipeline - [OPSIN] Java backend unavailable — skipping OPSIN parsing.
2026-01-02 20:24:48 [WARNING] polymer_pipeline - [OPSIN] Java backend unavailable — skipping OPSIN parsing.
2026-01-02 20:24:48 [WARNING] polymer_pipeline - [OPSIN] Java backend unavailable — skipping OPSIN parsing.
2026-01-02 20:24:48 [WARNING] polymer_pipeline - [OPSIN] Java backend unavailable — skipping OPSIN parsing.
2026-01-02 20:24:48 [WARNING] polymer_pipeline - [OPSIN] Java backend unavailable — skipping OPSIN parsing.
2026-01-02 20:24:48 [WARNING] polymer_pipeline - [OPSIN] Java backend unavailable — skipping OPSIN parsing.
2026-01-02 20:24:48 [WARNING] polymer_pipeline - [OPSIN] Java backend unavailable — skipping OPSIN parsing.
2026-01-02 20:24:48 [WARNING] polymer_pipeline - [OPSIN] Java backend unavailable — skipping OPSIN parsing.
2026-01-02 20:24:48 [WARNING] polymer_pipeline - [OPSIN] Java backend unavailable — skipping OPSIN parsing.
2026-01-02 20:24:48 [WARNING] polymer_pipeline - [OPSIN] Java backend unavailable — skipping OPSIN parsing.
2026-01-02 20:24:48 [WARNING] polymer_pipeline - [OPSIN] Java backend unavailable — skipping OPSIN parsing.
2026-01-02 20:24:48 [WARNING] polymer_pipeline - [OPSIN] Java backend unavailable — skipping OPSIN parsing.
2026-01-02 20:24:48 [WARNING] polymer_pipeline - [OPSIN] Java backend unavailable — skipping OPSIN parsing.
2026-01-02 20:24:48 [WARNING] polymer_pipeline - [OPSIN] Java backend unavailable — skipping OPSIN parsing.
2026-01-02 20:24:48 [WARNING] polymer_pipeline - [OPSIN] Java backend unavailable — skipping OPSIN parsing.
2026-01-02 20:24:48 [WARNING] polymer_pipeline - [OPSIN] Java backend unavailable — skipping OPSIN parsing.
2026-01-02 20:24:48 [WARNING] polymer_pipeline - [OPSIN] Java backend unavailable — skipping OPSIN parsing.
2026-01-02 20:24:48 [WARNING] polymer_pipeline - [OPSIN] Java backend unavailable — skipping OPSIN parsing.
2026-01-02 20:24:48 [WARNING] polymer_pipeline - [OPSIN] Java backend unavailable — skipping OPSIN parsing.
2026-01-02 20:24:48 [WARNING] polymer_pipeline - [OPSIN] Java backend unavailable — skipping OPSIN parsing.
2026-01-02 20:24:48 [WARNING] polymer_pipeline - [OPSIN] Java backend unavailable — skipping OPSIN parsing.
2026-01-02 20:24:48 [WARNING] polymer_pipeline - [OPSIN] Java backend unavailable — skipping OPSIN parsing.
2026-01-02 20:24:48 [WARNING] polymer_pipeline - [OPSIN] Java backend unavailable — skipping OPSIN parsing.
2026-01-02 20:24:48 [WARNING] polymer_pipeline - [OPSIN] Java backend unavailable — skipping OPSIN parsing.
2026-01-02 20:24:48 [WARNING] polymer_pipeline - [OPSIN] Java backend unavailable — skipping OPSIN parsing.
2026-01-02 20:24:48 [WARNING] polymer_pipeline - [OPSIN] Java backend unavailable — skipping OPSIN parsing.
2026-01-02 20:24:48 [WARNING] polymer_pipeline - [OPSIN] Java backend unavailable — skipping OPSIN parsing.
2026-01-02 20:24:48 [WARNING] polymer_pipeline - [OPSIN] Java backend unavailable — skipping OPSIN parsing.
2026-01-02 20:24:48 [WARNING] polymer_pipeline - [OPSIN] Java backend unavailable — skipping OPSIN parsing.
2026-01-02 20:24:48 [WARNING] polymer_pipeline - [OPSIN] Java backend unavailable — skipping OPSIN parsing.
2026-01-02 20:24:48 [WARNING] polymer_pipeline - [OPSIN] Java backend unavailable — skipping OPSIN parsing.
2026-01-02 20:24:48 [WARNING] polymer_pipeline - [OPSIN] Java backend unavailable — skipping OPSIN parsing.
2026-01-02 20:24:48 [WARNING] polymer_pipeline - [OPSIN] Java backend unavailable — skipping OPSIN parsing.
2026-01-02 20:24:48 [WARNING] polymer_pipeline - [OPSIN] Java backend unavailable — skipping OPSIN parsing.
2026-01-02 20:24:48 [WARNING] polymer_pipeline - [OPSIN] Java backend unavailable — skipping OPSIN parsing.
2026-01-02 20:24:48 [WARNING] polymer_pipeline - [OPSIN] Java backend unavailable — skipping OPSIN parsing.
2026-01-02 20:24:48 [WARNING] polymer_pipeline - [OPSIN] Java backend unavailable — skipping OPSIN parsing.
2026-01-02 20:24:48 [WARNING] polymer_pipeline - [OPSIN] Java backend unavailable — skipping OPSIN parsing.
2026-01-02 20:24:48 [WARNING] polymer_pipeline - [OPSIN] Java backend unavailable — skipping OPSIN parsing.
2026-01-02 20:24:48 [WARNING] polymer_pipeline - [OPSIN] Java backend unavailable — skipping OPSIN parsing.
2026-01-02 20:24:48 [WARNING] polymer_pipeline - [OPSIN] Java backend unavailable — skipping OPSIN parsing.
2026-01-02 20:24:48 [WARNING] polymer_pipeline - [OPSIN] Java backend unavailable — skipping OPSIN parsing.
2026-01-02 20:24:48 [WARNING] polymer_pipeline - [OPSIN] Java backend unavailable — skipping OPSIN parsing.
2026-01-02 20:24:48 [WARNING] polymer_pipeline - [OPSIN] Java backend unavailable — skipping OPSIN parsing.
2026-01-02 20:24:48 [WARNING] polymer_pipeline - [OPSIN] Java backend unavailable — skipping OPSIN parsing.
2026-01-02 20:24:48 [WARNING] polymer_pipeline - [OPSIN] Java backend unavailable — skipping OPSIN parsing.
2026-01-02 20:24:48 [WARNING] polymer_pipeline - [OPSIN] Java backend unavailable — skipping OPSIN parsing.
2026-01-02 20:24:48 [WARNING] polymer_pipeline - [OPSIN] Java backend unavailable — skipping OPSIN parsing.
2026-01-02 20:24:48 [WARNING] polymer_pipeline - [OPSIN] Java backend unavailable — skipping OPSIN parsing.
2026-01-02 20:24:48 [WARNING] polymer_pipeline - [OPSIN] Java backend unavailable — skipping OPSIN parsing.
2026-01-02 20:24:48 [WARNING] polymer_pipeline - [OPSIN] Java backend unavailable — skipping OPSIN parsing.
2026-01-02 20:24:48 [WARNING] polymer_pipeline - [OPSIN] Java backend unavailable — skipping OPSIN parsing.
2026-01-02 20:24:48 [WARNING] polymer_pipeline - [OPSIN] Java backend unavailable — skipping OPSIN parsing.
2026-01-02 20:24:48 [WARNING] polymer_pipeline - [OPSIN] Java backend unavailable — skipping OPSIN parsing.
2026-01-02 20:24:48 [WARNING] polymer_pipeline - [OPSIN] Java backend unavailable — skipping OPSIN parsing.
2026-01-02 20:24:48 [WARNING] polymer_pipeline - [OPSIN] Java backend unavailable — skipping OPSIN parsing.
2026-01-02 20:24:48 [WARNING] polymer_pipeline - [OPSIN] Java backend unavailable — skipping OPSIN parsing.
2026-01-02 20:24:48 [WARNING] polymer_pipeline - [OPSIN] Java backend unavailable — skipping OPSIN parsing.
2026-01-02 20:24:48 [WARNING] polymer_pipeline - [OPSIN] Java backend unavailable — skipping OPSIN parsing.
2026-01-02 20:24:48 [WARNING] polymer_pipeline - [OPSIN] Java backend unavailable — skipping OPSIN parsing.
2026-01-02 20:24:48 [WARNING] polymer_pipeline - [OPSIN] Java backend unavailable — skipping OPSIN parsing.
2026-01-02 20:24:48 [WARNING] polymer_pipeline - [OPSIN] Java backend unavailable — skipping OPSIN parsing.
2026-01-02 20:24:48 [WARNING] polymer_pipeline - [OPSIN] Java backend unavailable — skipping OPSIN parsing.
2026-01-02 20:24:48 [WARNING] polymer_pipeline - [OPSIN] Java backend unavailable — skipping OPSIN parsing.
2026-01-02 20:24:48 [WARNING] polymer_pipeline - [OPSIN] Java backend unavailable — skipping OPSIN parsing.
2026-01-02 20:24:48 [WARNING] polymer_pipeline - [OPSIN] Java backend unavailable — skipping OPSIN parsing.
2026-01-02 20:24:48 [WARNING] polymer_pipeline - [OPSIN] Java backend unavailable — skipping OPSIN parsing.
2026-01-02 20:24:48 [WARNING] polymer_pipeline - [OPSIN] Java backend unavailable — skipping OPSIN parsing.
2026-01-02 20:24:48 [WARNING] polymer_pipeline - [OPSIN] Java backend unavailable — skipping OPSIN parsing.
2026-01-02 20:24:48 [WARNING] polymer_pipeline - [OPSIN] Java backend unavailable — skipping OPSIN parsing.
2026-01-02 20:24:48 [WARNING] polymer_pipeline - [OPSIN] Java backend unavailable — skipping OPSIN parsing.
2026-01-02 20:24:48 [WARNING] polymer_pipeline - [OPSIN] Java backend unavailable — skipping OPSIN parsing.
2026-01-02 20:24:48 [WARNING] polymer_pipeline - [OPSIN] Java backend unavailable — skipping OPSIN parsing.
2026-01-02 20:24:48 [WARNING] polymer_pipeline - [OPSIN] Java backend unavailable — skipping OPSIN parsing.
2026-01-02 20:24:48 [WARNING] polymer_pipeline - [OPSIN] Java backend unavailable — skipping OPSIN parsing.
2026-01-02 20:24:48 [WARNING] polymer_pipeline - [OPSIN] Java backend unavailable — skipping OPSIN parsing.
2026-01-02 20:24:48 [WARNING] polymer_pipeline - [OPSIN] Java backend unavailable — skipping OPSIN parsing.
2026-01-02 20:24:48 [WARNING] polymer_pipeline - [OPSIN] Java backend unavailable — skipping OPSIN parsing.
2026-01-02 20:24:48 [WARNING] polymer_pipeline - [OPSIN] Java backend unavailable — skipping OPSIN parsing.
2026-01-02 20:24:48 [WARNING] polymer_pipeline - [OPSIN] Java backend unavailable — skipping OPSIN parsing.
2026-01-02 20:24:48 [WARNING] polymer_pipeline - [OPSIN] Java backend unavailable — skipping OPSIN parsing.
2026-01-02 20:24:48 [WARNING] polymer_pipeline - [OPSIN] Java backend unavailable — skipping OPSIN parsing.
2026-01-02 20:24:48 [WARNING] polymer_pipeline - [OPSIN] Java backend unavailable — skipping OPSIN parsing.
2026-01-02 20:24:48 [WARNING] polymer_pipeline - [OPSIN] Java backend unavailable — skipping OPSIN parsing.
2026-01-02 20:24:48 [WARNING] polymer_pipeline - [OPSIN] Java backend unavailable — skipping OPSIN parsing.
2026-01-02 20:24:48 [WARNING] polymer_pipeline - [OPSIN] Java backend unavailable — skipping OPSIN parsing.
2026-01-02 20:24:48 [WARNING] polymer_pipeline - [OPSIN] Java backend unavailable — skipping OPSIN parsing.
2026-01-02 20:24:48 [WARNING] polymer_pipeline - [OPSIN] Java backend unavailable — skipping OPSIN parsing.
2026-01-02 20:24:48 [WARNING] polymer_pipeline - [OPSIN] Java backend unavailable — skipping OPSIN parsing.
2026-01-02 20:24:48 [WARNING] polymer_pipeline - [OPSIN] Java backend unavailable — skipping OPSIN parsing.
2026-01-02 20:24:48 [WARNING] polymer_pipeline - [OPSIN] Java backend unavailable — skipping OPSIN parsing.
2026-01-02 20:24:48 [WARNING] polymer_pipeline - [OPSIN] Java backend unavailable — skipping OPSIN parsing.
2026-01-02 20:24:48 [WARNING] polymer_pipeline - [OPSIN] Java backend unavailable — skipping OPSIN parsing.
2026-01-02 20:24:48 [WARNING] polymer_pipeline - [OPSIN] Java backend unavailable — skipping OPSIN parsing.
2026-01-02 20:24:48 [WARNING] polymer_pipeline - [OPSIN] Java backend unavailable — skipping OPSIN parsing.
2026-01-02 20:24:48 [WARNING] polymer_pipeline - [OPSIN] Java backend unavailable — skipping OPSIN parsing.
2026-01-02 20:24:48 [WARNING] polymer_pipeline - [OPSIN] Java backend unavailable — skipping OPSIN parsing.
2026-01-02 20:24:48 [WARNING] polymer_pipeline - [OPSIN] Java backend unavailable — skipping OPSIN parsing.
2026-01-02 20:24:48 [WARNING] polymer_pipeline - [OPSIN] Java backend unavailable — skipping OPSIN parsing.
2026-01-02 20:24:48 [WARNING] polymer_pipeline - [OPSIN] Java backend unavailable — skipping OPSIN parsing.
2026-01-02 20:24:48 [WARNING] polymer_pipeline - [OPSIN] Java backend unavailable — skipping OPSIN parsing.
2026-01-02 20:24:48 [WARNING] polymer_pipeline - [OPSIN] Java backend unavailable — skipping OPSIN parsing.
2026-01-02 20:24:48 [WARNING] polymer_pipeline - [OPSIN] Java backend unavailable — skipping OPSIN parsing.
2026-01-02 20:24:48 [WARNING] polymer_pipeline - [OPSIN] Java backend unavailable — skipping OPSIN parsing.
2026-01-02 20:24:48 [WARNING] polymer_pipeline - [OPSIN] Java backend unavailable — skipping OPSIN parsing.
2026-01-02 20:24:48 [WARNING] polymer_pipeline - [OPSIN] Java backend unavailable — skipping OPSIN parsing.
2026-01-02 20:24:48 [WARNING] polymer_pipeline - [OPSIN] Java backend unavailable — skipping OPSIN parsing.
2026-01-02 20:24:48 [WARNING] polymer_pipeline - [OPSIN] Java backend unavailable — skipping OPSIN parsing.
2026-01-02 20:24:48 [WARNING] polymer_pipeline - [OPSIN] Java backend unavailable — skipping OPSIN parsing.
2026-01-02 20:24:48 [WARNING] polymer_pipeline - [OPSIN] Java backend unavailable — skipping OPSIN parsing.
2026-01-02 20:24:48 [WARNING] polymer_pipeline - [OPSIN] Java backend unavailable — skipping OPSIN parsing.
2026-01-02 20:24:48 [WARNING] polymer_pipeline - [OPSIN] Java backend unavailable — skipping OPSIN parsing.
2026-01-02 20:24:48 [WARNING] polymer_pipeline - [OPSIN] Java backend unavailable — skipping OPSIN parsing.
2026-01-02 20:24:48 [WARNING] polymer_pipeline - [OPSIN] Java backend unavailable — skipping OPSIN parsing.
2026-01-02 20:24:48 [WARNING] polymer_pipeline - [OPSIN] Java backend unavailable — skipping OPSIN parsing.
2026-01-02 20:24:48 [WARNING] polymer_pipeline - [OPSIN] Java backend unavailable — skipping OPSIN parsing.
2026-01-02 20:24:48 [WARNING] polymer_pipeline - [OPSIN] Java backend unavailable — skipping OPSIN parsing.
2026-01-02 20:24:48 [WARNING] polymer_pipeline - [OPSIN] Java backend unavailable — skipping OPSIN parsing.
2026-01-02 20:24:48 [WARNING] polymer_pipeline - [OPSIN] Java backend unavailable — skipping OPSIN parsing.
2026-01-02 20:24:48 [WARNING] polymer_pipeline - [OPSIN] Java backend unavailable — skipping OPSIN parsing.
2026-01-02 20:24:48 [WARNING] polymer_pipeline - [OPSIN] Java backend unavailable — skipping OPSIN parsing.
2026-01-02 20:24:48 [WARNING] polymer_pipeline - [OPSIN] Java backend unavailable — skipping OPSIN parsing.
2026-01-02 20:24:48 [WARNING] polymer_pipeline - [OPSIN] Java backend unavailable — skipping OPSIN parsing.
2026-01-02 20:24:48 [WARNING] polymer_pipeline - [OPSIN] Java backend unavailable — skipping OPSIN parsing.
2026-01-02 20:24:48 [WARNING] polymer_pipeline - [OPSIN] Java backend unavailable — skipping OPSIN parsing.
2026-01-02 20:24:48 [WARNING] polymer_pipeline - [OPSIN] Java backend unavailable — skipping OPSIN parsing.
2026-01-02 20:24:48 [WARNING] polymer_pipeline - [OPSIN] Java backend unavailable — skipping OPSIN parsing.
2026-01-02 20:24:48 [WARNING] polymer_pipeline - [OPSIN] Java backend unavailable — skipping OPSIN parsing.
2026-01-02 20:24:48 [WARNING] polymer_pipeline - [OPSIN] Java backend unavailable — skipping OPSIN parsing.
2026-01-02 20:24:48 [WARNING] polymer_pipeline - [OPSIN] Java backend unavailable — skipping OPSIN parsing.
2026-01-02 20:24:48 [WARNING] polymer_pipeline - [OPSIN] Java backend unavailable — skipping OPSIN parsing.
2026-01-02 20:24:48 [WARNING] polymer_pipeline - [OPSIN] Java backend unavailable — skipping OPSIN parsing.
2026-01-02 20:24:48 [WARNING] polymer_pipeline - [OPSIN] Java backend unavailable — skipping OPSIN parsing.
2026-01-02 20:24:48 [WARNING] polymer_pipeline - [OPSIN] Java backend unavailable — skipping OPSIN parsing.
2026-01-02 20:24:48 [WARNING] polymer_pipeline - [OPSIN] Java backend unavailable — skipping OPSIN parsing.
2026-01-02 20:24:48 [WARNING] polymer_pipeline - [OPSIN] Java backend unavailable — skipping OPSIN parsing.
2026-01-02 20:24:48 [WARNING] polymer_pipeline - [OPSIN] Java backend unavailable — skipping OPSIN parsing.
2026-01-02 20:24:48 [WARNING] polymer_pipeline - [OPSIN] Java backend unavailable — skipping OPSIN parsing.
2026-01-02 20:24:48 [WARNING] polymer_pipeline - [OPSIN] Java backend unavailable — skipping OPSIN parsing.
2026-01-02 20:24:48 [WARNING] polymer_pipeline - [OPSIN] Java backend unavailable — skipping OPSIN parsing.
2026-01-02 20:24:48 [WARNING] polymer_pipeline - [OPSIN] Java backend unavailable — skipping OPSIN parsing.
2026-01-02 20:24:48 [WARNING] polymer_pipeline - [OPSIN] Java backend unavailable — skipping OPSIN parsing.
2026-01-02 20:24:48 [WARNING] polymer_pipeline - [OPSIN] Java backend unavailable — skipping OPSIN parsing.
2026-01-02 20:24:48 [WARNING] polymer_pipeline - [OPSIN] Java backend unavailable — skipping OPSIN parsing.
2026-01-02 20:24:48 [WARNING] polymer_pipeline - [OPSIN] Java backend unavailable — skipping OPSIN parsing.
2026-01-02 20:24:48 [WARNING] polymer_pipeline - [OPSIN] Java backend unavailable — skipping OPSIN parsing.
2026-01-02 20:24:48 [WARNING] polymer_pipeline - [OPSIN] Java backend unavailable — skipping OPSIN parsing.
2026-01-02 20:24:48 [WARNING] polymer_pipeline - [OPSIN] Java backend unavailable — skipping OPSIN parsing.
2026-01-02 20:24:48 [WARNING] polymer_pipeline - [OPSIN] Java backend unavailable — skipping OPSIN parsing.
2026-01-02 20:24:48 [WARNING] polymer_pipeline - [OPSIN] Java backend unavailable — skipping OPSIN parsing.
2026-01-02 20:24:48 [WARNING] polymer_pipeline - [OPSIN] Java backend unavailable — skipping OPSIN parsing.
2026-01-02 20:24:48 [WARNING] polymer_pipeline - [OPSIN] Java backend unavailable — skipping OPSIN parsing.
2026-01-02 20:24:48 [WARNING] polymer_pipeline - [OPSIN] Java backend unavailable — skipping OPSIN parsing.
2026-01-02 20:24:48 [WARNING] polymer_pipeline - [OPSIN] Java backend unavailable — skipping OPSIN parsing.
2026-01-02 20:24:48 [WARNING] polymer_pipeline - [OPSIN] Java backend unavailable — skipping OPSIN parsing.
2026-01-02 20:24:48 [WARNING] polymer_pipeline - [OPSIN] Java backend unavailable — skipping OPSIN parsing.
2026-01-02 20:24:48 [WARNING] polymer_pipeline - [OPSIN] Java backend unavailable — skipping OPSIN parsing.
2026-01-02 20:24:48 [WARNING] polymer_pipeline - [OPSIN] Java backend unavailable — skipping OPSIN parsing.
2026-01-02 20:24:48 [WARNING] polymer_pipeline - [OPSIN] Java backend unavailable — skipping OPSIN parsing.
2026-01-02 20:24:48 [WARNING] polymer_pipeline - [OPSIN] Java backend unavailable — skipping OPSIN parsing.
2026-01-02 20:24:48 [WARNING] polymer_pipeline - [OPSIN] Java backend unavailable — skipping OPSIN parsing.
2026-01-02 20:24:48 [WARNING] polymer_pipeline - [OPSIN] Java backend unavailable — skipping OPSIN parsing.
2026-01-02 20:24:48 [WARNING] polymer_pipeline - [OPSIN] Java backend unavailable — skipping OPSIN parsing.
2026-01-02 20:24:48 [WARNING] polymer_pipeline - [OPSIN] Java backend unavailable — skipping OPSIN parsing.
2026-01-02 20:24:48 [WARNING] polymer_pipeline - [OPSIN] Java backend unavailable — skipping OPSIN parsing.
2026-01-02 20:24:48 [WARNING] polymer_pipeline - [OPSIN] Java backend unavailable — skipping OPSIN parsing.
2026-01-02 20:24:48 [WARNING] polymer_pipeline - [OPSIN] Java backend unavailable — skipping OPSIN parsing.
2026-01-02 20:24:48 [WARNING] polymer_pipeline - [OPSIN] Java backend unavailable — skipping OPSIN parsing.
2026-01-02 20:24:48 [WARNING] polymer_pipeline - [OPSIN] Java backend unavailable — skipping OPSIN parsing.
2026-01-02 20:24:48 [WARNING] polymer_pipeline - [OPSIN] Java backend unavailable — skipping OPSIN parsing.
2026-01-02 20:24:48 [WARNING] polymer_pipeline - [OPSIN] Java backend unavailable — skipping OPSIN parsing.
2026-01-02 20:24:48 [WARNING] polymer_pipeline - [OPSIN] Java backend unavailable — skipping OPSIN parsing.
2026-01-02 20:24:48 [WARNING] polymer_pipeline - [OPSIN] Java backend unavailable — skipping OPSIN parsing.
2026-01-02 20:24:48 [WARNING] polymer_pipeline - [OPSIN] Java backend unavailable — skipping OPSIN parsing.
2026-01-02 20:24:48 [WARNING] polymer_pipeline - [OPSIN] Java backend unavailable — skipping OPSIN parsing.
2026-01-02 20:24:48 [WARNING] polymer_pipeline - [OPSIN] Java backend unavailable — skipping OPSIN parsing.
2026-01-02 20:24:48 [WARNING] polymer_pipeline - [OPSIN] Java backend unavailable — skipping OPSIN parsing.
2026-01-02 20:24:48 [WARNING] polymer_pipeline - [OPSIN] Java backend unavailable — skipping OPSIN parsing.
2026-01-02 20:24:48 [WARNING] polymer_pipeline - [OPSIN] Java backend unavailable — skipping OPSIN parsing.
2026-01-02 20:24:48 [WARNING] polymer_pipeline - [OPSIN] Java backend unavailable — skipping OPSIN parsing.
2026-01-02 20:24:48 [WARNING] polymer_pipeline - [OPSIN] Java backend unavailable — skipping OPSIN parsing.
2026-01-02 20:24:48 [WARNING] polymer_pipeline - [OPSIN] Java backend unavailable — skipping OPSIN parsing.
2026-01-02 20:24:48 [WARNING] polymer_pipeline - [OPSIN] Java backend unavailable — skipping OPSIN parsing.
2026-01-02 20:24:48 [WARNING] polymer_pipeline - [OPSIN] Java backend unavailable — skipping OPSIN parsing.
2026-01-02 20:24:48 [WARNING] polymer_pipeline - [OPSIN] Java backend unavailable — skipping OPSIN parsing.
2026-01-02 20:24:48 [WARNING] polymer_pipeline - [OPSIN] Java backend unavailable — skipping OPSIN parsing.
2026-01-02 20:24:48 [WARNING] polymer_pipeline - [OPSIN] Java backend unavailable — skipping OPSIN parsing.
2026-01-02 20:24:48 [WARNING] polymer_pipeline - [OPSIN] Java backend unavailable — skipping OPSIN parsing.
2026-01-02 20:24:48 [WARNING] polymer_pipeline - [OPSIN] Java backend unavailable — skipping OPSIN parsing.
2026-01-02 20:24:48 [WARNING] polymer_pipeline - [OPSIN] Java backend unavailable — skipping OPSIN parsing.
2026-01-02 20:24:48 [WARNING] polymer_pipeline - [OPSIN] Java backend unavailable — skipping OPSIN parsing.
2026-01-02 20:24:48 [WARNING] polymer_pipeline - [OPSIN] Java backend unavailable — skipping OPSIN parsing.
2026-01-02 20:24:48 [WARNING] polymer_pipeline - [OPSIN] Java backend unavailable — skipping OPSIN parsing.
2026-01-02 20:24:48 [WARNING] polymer_pipeline - [OPSIN] Java backend unavailable — skipping OPSIN parsing.
2026-01-02 20:24:48 [WARNING] polymer_pipeline - [OPSIN] Java backend unavailable — skipping OPSIN parsing.
2026-01-02 20:24:48 [WARNING] polymer_pipeline - [OPSIN] Java backend unavailable — skipping OPSIN parsing.
2026-01-02 20:24:48 [WARNING] polymer_pipeline - [OPSIN] Java backend unavailable — skipping OPSIN parsing.
2026-01-02 20:24:48 [WARNING] polymer_pipeline - [OPSIN] Java backend unavailable — skipping OPSIN parsing.
2026-01-02 20:24:48 [WARNING] polymer_pipeline - [OPSIN] Java backend unavailable — skipping OPSIN parsing.
2026-01-02 20:24:48 [WARNING] polymer_pipeline - [OPSIN] Java backend unavailable — skipping OPSIN parsing.
2026-01-02 20:24:48 [WARNING] polymer_pipeline - [OPSIN] Java backend unavailable — skipping OPSIN parsing.
2026-01-02 20:24:48 [WARNING] polymer_pipeline - [OPSIN] Java backend unavailable — skipping OPSIN parsing.
2026-01-02 20:24:48 [WARNING] polymer_pipeline - [OPSIN] Java backend unavailable — skipping OPSIN parsing.
2026-01-02 20:24:48 [WARNING] polymer_pipeline - [OPSIN] Java backend unavailable — skipping OPSIN parsing.
2026-01-02 20:24:48 [WARNING] polymer_pipeline - [OPSIN] Java backend unavailable — skipping OPSIN parsing.
2026-01-02 20:24:48 [WARNING] polymer_pipeline - [OPSIN] Java backend unavailable — skipping OPSIN parsing.
2026-01-02 20:24:48 [WARNING] polymer_pipeline - [OPSIN] Java backend unavailable — skipping OPSIN parsing.
2026-01-02 20:24:48 [WARNING] polymer_pipeline - [OPSIN] Java backend unavailable — skipping OPSIN parsing.
2026-01-02 20:24:48 [WARNING] polymer_pipeline - [OPSIN] Java backend unavailable — skipping OPSIN parsing.
2026-01-02 20:24:48 [WARNING] polymer_pipeline - [OPSIN] Java backend unavailable — skipping OPSIN parsing.
2026-01-02 20:24:48 [WARNING] polymer_pipeline - [OPSIN] Java backend unavailable — skipping OPSIN parsing.
2026-01-02 20:24:48 [WARNING] polymer_pipeline - [OPSIN] Java backend unavailable — skipping OPSIN parsing.
2026-01-02 20:24:48 [WARNING] polymer_pipeline - [OPSIN] Java backend unavailable — skipping OPSIN parsing.
2026-01-02 20:24:48 [WARNING] polymer_pipeline - [OPSIN] Java backend unavailable — skipping OPSIN parsing.
2026-01-02 20:24:48 [WARNING] polymer_pipeline - [OPSIN] Java backend unavailable — skipping OPSIN parsing.
2026-01-02 20:24:48 [WARNING] polymer_pipeline - [OPSIN] Java backend unavailable — skipping OPSIN parsing.
2026-01-02 20:24:48 [WARNING] polymer_pipeline - [OPSIN] Java backend unavailable — skipping OPSIN parsing.
2026-01-02 20:24:48 [WARNING] polymer_pipeline - [OPSIN] Java backend unavailable — skipping OPSIN parsing.
2026-01-02 20:24:48 [WARNING] polymer_pipeline - [OPSIN] Java backend unavailable — skipping OPSIN parsing.
2026-01-02 20:24:48 [WARNING] polymer_pipeline - [OPSIN] Java backend unavailable — skipping OPSIN parsing.
2026-01-02 20:24:48 [WARNING] polymer_pipeline - [OPSIN] Java backend unavailable — skipping OPSIN parsing.
2026-01-02 20:24:48 [WARNING] polymer_pipeline - [OPSIN] Java backend unavailable — skipping OPSIN parsing.
2026-01-02 20:24:48 [WARNING] polymer_pipeline - [OPSIN] Java backend unavailable — skipping OPSIN parsing.
2026-01-02 20:24:48 [WARNING] polymer_pipeline - [OPSIN] Java backend unavailable — skipping OPSIN parsing.
2026-01-02 20:24:48 [WARNING] polymer_pipeline - [OPSIN] Java backend unavailable — skipping OPSIN parsing.
2026-01-02 20:24:48 [WARNING] polymer_pipeline - [OPSIN] Java backend unavailable — skipping OPSIN parsing.
2026-01-02 20:24:48 [WARNING] polymer_pipeline - [OPSIN] Java backend unavailable — skipping OPSIN parsing.
2026-01-02 20:24:48 [WARNING] polymer_pipeline - [OPSIN] Java backend unavailable — skipping OPSIN parsing.
2026-01-02 20:24:48 [WARNING] polymer_pipeline - [OPSIN] Java backend unavailable — skipping OPSIN parsing.
2026-01-02 20:24:48 [WARNING] polymer_pipeline - [OPSIN] Java backend unavailable — skipping OPSIN parsing.
2026-01-02 20:24:48 [WARNING] polymer_pipeline - [OPSIN] Java backend unavailable — skipping OPSIN parsing.
2026-01-02 20:24:48 [WARNING] polymer_pipeline - [OPSIN] Java backend unavailable — skipping OPSIN parsing.
2026-01-02 20:24:48 [WARNING] polymer_pipeline - [OPSIN] Java backend unavailable — skipping OPSIN parsing.
2026-01-02 20:24:48 [WARNING] polymer_pipeline - [OPSIN] Java backend unavailable — skipping OPSIN parsing.
2026-01-02 20:24:48 [WARNING] polymer_pipeline - [OPSIN] Java backend unavailable — skipping OPSIN parsing.
2026-01-02 20:24:48 [WARNING] polymer_pipeline - [OPSIN] Java backend unavailable — skipping OPSIN parsing.
2026-01-02 20:24:48 [WARNING] polymer_pipeline - [OPSIN] Java backend unavailable — skipping OPSIN parsing.
2026-01-02 20:24:48 [WARNING] polymer_pipeline - [OPSIN] Java backend unavailable — skipping OPSIN parsing.
2026-01-02 20:24:48 [WARNING] polymer_pipeline - [OPSIN] Java backend unavailable — skipping OPSIN parsing.
2026-01-02 20:24:48 [WARNING] polymer_pipeline - [OPSIN] Java backend unavailable — skipping OPSIN parsing.
2026-01-02 20:24:48 [WARNING] polymer_pipeline - [OPSIN] Java backend unavailable — skipping OPSIN parsing.
2026-01-02 20:24:48 [WARNING] polymer_pipeline - [OPSIN] Java backend unavailable — skipping OPSIN parsing.
2026-01-02 20:24:48 [WARNING] polymer_pipeline - [OPSIN] Java backend unavailable — skipping OPSIN parsing.
2026-01-02 20:24:48 [WARNING] polymer_pipeline - [OPSIN] Java backend unavailable — skipping OPSIN parsing.
2026-01-02 20:24:48 [WARNING] polymer_pipeline - [OPSIN] Java backend unavailable — skipping OPSIN parsing.
2026-01-02 20:24:48 [WARNING] polymer_pipeline - [OPSIN] Java backend unavailable — skipping OPSIN parsing.
2026-01-02 20:24:48 [WARNING] polymer_pipeline - [OPSIN] Java backend unavailable — skipping OPSIN parsing.
2026-01-02 20:24:48 [WARNING] polymer_pipeline - [OPSIN] Java backend unavailable — skipping OPSIN parsing.
2026-01-02 20:24:48 [WARNING] polymer_pipeline - [OPSIN] Java backend unavailable — skipping OPSIN parsing.
2026-01-02 20:24:48 [WARNING] polymer_pipeline - [OPSIN] Java backend unavailable — skipping OPSIN parsing.
2026-01-02 20:24:48 [WARNING] polymer_pipeline - [OPSIN] Java backend unavailable — skipping OPSIN parsing.
2026-01-02 20:24:48 [WARNING] polymer_pipeline - [OPSIN] Java backend unavailable — skipping OPSIN parsing.
2026-01-02 20:24:48 [WARNING] polymer_pipeline - [OPSIN] Java backend unavailable — skipping OPSIN parsing.
2026-01-02 20:24:48 [WARNING] polymer_pipeline - [OPSIN] Java backend unavailable — skipping OPSIN parsing.
2026-01-02 20:24:48 [WARNING] polymer_pipeline - [OPSIN] Java backend unavailable — skipping OPSIN parsing.
2026-01-02 20:24:48 [WARNING] polymer_pipeline - [OPSIN] Java backend unavailable — skipping OPSIN parsing.
2026-01-02 20:24:48 [WARNING] polymer_pipeline - [OPSIN] Java backend unavailable — skipping OPSIN parsing.
2026-01-02 20:24:48 [WARNING] polymer_pipeline - [OPSIN] Java backend unavailable — skipping OPSIN parsing.
2026-01-02 20:24:48 [WARNING] polymer_pipeline - [OPSIN] Java backend unavailable — skipping OPSIN parsing.
2026-01-02 20:24:48 [WARNING] polymer_pipeline - [OPSIN] Java backend unavailable — skipping OPSIN parsing.
2026-01-02 20:24:48 [WARNING] polymer_pipeline - [OPSIN] Java backend unavailable — skipping OPSIN parsing.
2026-01-02 20:24:48 [WARNING] polymer_pipeline - [OPSIN] Java backend unavailable — skipping OPSIN parsing.
2026-01-02 20:24:48 [WARNING] polymer_pipeline - [OPSIN] Java backend unavailable — skipping OPSIN parsing.
2026-01-02 20:24:48 [WARNING] polymer_pipeline - [OPSIN] Java backend unavailable — skipping OPSIN parsing.
2026-01-02 20:24:48 [WARNING] polymer_pipeline - [OPSIN] Java backend unavailable — skipping OPSIN parsing.
2026-01-02 20:24:48 [INFO] polymer_pipeline - Layer 1 input stats: backbone non-empty=604 sidechain non-empty=592 attempted_opsin=604
2026-01-02 20:24:48 [INFO] polymer_pipeline - Layer 1: parsed backbone for 0/615 entries; sidechains for 468
2026-01-02 20:24:48 [INFO] polymer_pipeline - [Fusion] Empty polymer_name rows: text=0 image=0
2026-01-02 20:24:49 [INFO] polymer_pipeline - Layer 2: fused 615 entries (matched repeat units for 442)
2026-01-02 20:24:49 [INFO] polymer_pipeline - Layer 2: image-pool fallback recoveries: 98
2026-01-02 20:24:49 [INFO] polymer_pipeline - Auto-corrected SMILES: 0/3352 (0.0%) repaired
2026-01-02 20:24:49 [INFO] polymer_pipeline - Repaired candidates: 0 used_in_output=0 rejected_by_filter=0
2026-01-02 20:24:49 [INFO] polymer_pipeline - Layer 3 complete: assigned confidence to 615 entries
2026-01-02 20:24:49 [INFO] polymer_pipeline - Layer 4 complete: 173 entries flagged for manual review
2026-01-02 20:24:49 [INFO] polymer_pipeline - Metrics: sidechain=0.76 backbone=0.00 repeat=0.72 manual=0.28
2026-01-02 20:24:49 [INFO] polymer_pipeline - Top failure reasons: {'missing_repeat_unit': 173, 'manual_review': 173, 'missing_sidechain': 147}
2026-01-02 20:24:49 [INFO] polymer_pipeline - Pipeline complete. Layer timings (s): L0=0.02 L1=0.27 L2=1.05 L3=0.03 L4=0.01 total=1.38
2026-01-02 20:24:49 [INFO] polymer_pipeline - OPSIN stats: calls=334 cache_hits=0 cache_misses=334 success=0
2026-01-02 20:24:49 [INFO] polymer_pipeline - Pipeline complete. Output written to /Users/k25063738/Text-mining-postprocessing/outputs/fused_test.csv
2026-01-02 20:24:49 [INFO] polymer_pipeline - Metrics summary: {'coverage_sidechain': np.float64(0.7609756097560976), 'coverage_backbone': np.float64(0.0), 'coverage_repeat_unit': np.float64(0.71869918699187), 'manual_review_rate': np.float64(0.2813008130081301), 'opsin_coverage': np.float64(0.0), 'top_failure_reasons': {'missing_repeat_unit': 173, 'manual_review': 173, 'missing_sidechain': 147}}
